Archive member included to satisfy reference by file (symbol)

C:/ST/STM32CubeIDE_1.14.0/STM32CubeIDE/plugins/com.st.stm32cube.ide.mcu.externaltools.gnu-tools-for-stm32.12.3.rel1.win32_1.1.0.202410251130/tools/bin/../lib/gcc/arm-none-eabi/12.3.1/../../../../arm-none-eabi/lib/thumb/v7e-m+fp/hard\libc_nano.a(libc_a-exit.o)
                              C:/ST/STM32CubeIDE_1.14.0/STM32CubeIDE/plugins/com.st.stm32cube.ide.mcu.externaltools.gnu-tools-for-stm32.12.3.rel1.win32_1.1.0.202410251130/tools/bin/../lib/gcc/arm-none-eabi/12.3.1/../../../../arm-none-eabi/lib/thumb/v7e-m+fp/hard/crt0.o (exit)
C:/ST/STM32CubeIDE_1.14.0/STM32CubeIDE/plugins/com.st.stm32cube.ide.mcu.externaltools.gnu-tools-for-stm32.12.3.rel1.win32_1.1.0.202410251130/tools/bin/../lib/gcc/arm-none-eabi/12.3.1/../../../../arm-none-eabi/lib/thumb/v7e-m+fp/hard\libc_nano.a(libc_a-findfp.o)
                              C:/ST/STM32CubeIDE_1.14.0/STM32CubeIDE/plugins/com.st.stm32cube.ide.mcu.externaltools.gnu-tools-for-stm32.12.3.rel1.win32_1.1.0.202410251130/tools/bin/../lib/gcc/arm-none-eabi/12.3.1/../../../../arm-none-eabi/lib/thumb/v7e-m+fp/hard\libc_nano.a(libc_a-exit.o) (__stdio_exit_handler)
C:/ST/STM32CubeIDE_1.14.0/STM32CubeIDE/plugins/com.st.stm32cube.ide.mcu.externaltools.gnu-tools-for-stm32.12.3.rel1.win32_1.1.0.202410251130/tools/bin/../lib/gcc/arm-none-eabi/12.3.1/../../../../arm-none-eabi/lib/thumb/v7e-m+fp/hard\libc_nano.a(libc_a-fwalk.o)
                              C:/ST/STM32CubeIDE_1.14.0/STM32CubeIDE/plugins/com.st.stm32cube.ide.mcu.externaltools.gnu-tools-for-stm32.12.3.rel1.win32_1.1.0.202410251130/tools/bin/../lib/gcc/arm-none-eabi/12.3.1/../../../../arm-none-eabi/lib/thumb/v7e-m+fp/hard\libc_nano.a(libc_a-findfp.o) (_fwalk_sglue)
C:/ST/STM32CubeIDE_1.14.0/STM32CubeIDE/plugins/com.st.stm32cube.ide.mcu.externaltools.gnu-tools-for-stm32.12.3.rel1.win32_1.1.0.202410251130/tools/bin/../lib/gcc/arm-none-eabi/12.3.1/../../../../arm-none-eabi/lib/thumb/v7e-m+fp/hard\libc_nano.a(libc_a-stdio.o)
                              C:/ST/STM32CubeIDE_1.14.0/STM32CubeIDE/plugins/com.st.stm32cube.ide.mcu.externaltools.gnu-tools-for-stm32.12.3.rel1.win32_1.1.0.202410251130/tools/bin/../lib/gcc/arm-none-eabi/12.3.1/../../../../arm-none-eabi/lib/thumb/v7e-m+fp/hard\libc_nano.a(libc_a-findfp.o) (__sread)
C:/ST/STM32CubeIDE_1.14.0/STM32CubeIDE/plugins/com.st.stm32cube.ide.mcu.externaltools.gnu-tools-for-stm32.12.3.rel1.win32_1.1.0.202410251130/tools/bin/../lib/gcc/arm-none-eabi/12.3.1/../../../../arm-none-eabi/lib/thumb/v7e-m+fp/hard\libc_nano.a(libc_a-memset.o)
                              C:/ST/STM32CubeIDE_1.14.0/STM32CubeIDE/plugins/com.st.stm32cube.ide.mcu.externaltools.gnu-tools-for-stm32.12.3.rel1.win32_1.1.0.202410251130/tools/bin/../lib/gcc/arm-none-eabi/12.3.1/../../../../arm-none-eabi/lib/thumb/v7e-m+fp/hard/crt0.o (memset)
C:/ST/STM32CubeIDE_1.14.0/STM32CubeIDE/plugins/com.st.stm32cube.ide.mcu.externaltools.gnu-tools-for-stm32.12.3.rel1.win32_1.1.0.202410251130/tools/bin/../lib/gcc/arm-none-eabi/12.3.1/../../../../arm-none-eabi/lib/thumb/v7e-m+fp/hard\libc_nano.a(libc_a-closer.o)
                              C:/ST/STM32CubeIDE_1.14.0/STM32CubeIDE/plugins/com.st.stm32cube.ide.mcu.externaltools.gnu-tools-for-stm32.12.3.rel1.win32_1.1.0.202410251130/tools/bin/../lib/gcc/arm-none-eabi/12.3.1/../../../../arm-none-eabi/lib/thumb/v7e-m+fp/hard\libc_nano.a(libc_a-stdio.o) (_close_r)
C:/ST/STM32CubeIDE_1.14.0/STM32CubeIDE/plugins/com.st.stm32cube.ide.mcu.externaltools.gnu-tools-for-stm32.12.3.rel1.win32_1.1.0.202410251130/tools/bin/../lib/gcc/arm-none-eabi/12.3.1/../../../../arm-none-eabi/lib/thumb/v7e-m+fp/hard\libc_nano.a(libc_a-reent.o)
                              C:/ST/STM32CubeIDE_1.14.0/STM32CubeIDE/plugins/com.st.stm32cube.ide.mcu.externaltools.gnu-tools-for-stm32.12.3.rel1.win32_1.1.0.202410251130/tools/bin/../lib/gcc/arm-none-eabi/12.3.1/../../../../arm-none-eabi/lib/thumb/v7e-m+fp/hard\libc_nano.a(libc_a-closer.o) (errno)
C:/ST/STM32CubeIDE_1.14.0/STM32CubeIDE/plugins/com.st.stm32cube.ide.mcu.externaltools.gnu-tools-for-stm32.12.3.rel1.win32_1.1.0.202410251130/tools/bin/../lib/gcc/arm-none-eabi/12.3.1/../../../../arm-none-eabi/lib/thumb/v7e-m+fp/hard\libc_nano.a(libc_a-impure.o)
                              C:/ST/STM32CubeIDE_1.14.0/STM32CubeIDE/plugins/com.st.stm32cube.ide.mcu.externaltools.gnu-tools-for-stm32.12.3.rel1.win32_1.1.0.202410251130/tools/bin/../lib/gcc/arm-none-eabi/12.3.1/../../../../arm-none-eabi/lib/thumb/v7e-m+fp/hard\libc_nano.a(libc_a-reent.o) (_impure_ptr)
C:/ST/STM32CubeIDE_1.14.0/STM32CubeIDE/plugins/com.st.stm32cube.ide.mcu.externaltools.gnu-tools-for-stm32.12.3.rel1.win32_1.1.0.202410251130/tools/bin/../lib/gcc/arm-none-eabi/12.3.1/../../../../arm-none-eabi/lib/thumb/v7e-m+fp/hard\libc_nano.a(libc_a-lseekr.o)
[...]
Memory Configuration

Name             Origin             Length             Attributes
CCMRAM           0x10000000         0x00010000         xrw
RAM              0x20000000         0x00020000         xrw
FLASH            0x08000000         0x00080000         xr
*default*        0x00000000         0xffffffff

Linker script and memory map

LOAD C:/ST/STM32CubeIDE_1.14.0/STM32CubeIDE/plugins/com.st.stm32cube.ide.mcu.externaltools.gnu-tools-for-stm32.12.3.rel1.win32_1.1.0.202410251130/tools/bin/../lib/gcc/arm-none-eabi/12.3.1/thumb/v7e-m+fp/hard/crti.o
LOAD C:/ST/STM32CubeIDE_1.14.0/STM32CubeIDE/plugins/com.st.stm32cube.ide.mcu.externaltools.gnu-tools-for-stm32.12.3.rel1.win32_1.1.0.202410251130/tools/bin/../lib/gcc/arm-none-eabi/12.3.1/thumb/v7e-m+fp/hard/crtbegin.o
LOAD C:/ST/STM32CubeIDE_1.14.0/STM32CubeIDE/plugins/com.st.stm32cube.ide.mcu.externaltools.gnu-tools-for-stm32.12.3.rel1.win32_1.1.0.202410251130/tools/bin/../lib/gcc/arm-none-eabi/12.3.1/../../../../arm-none-eabi/lib/thumb/v7e-m+fp/hard/crt0.o
LOAD ./Core/Src/cmps12_gyro.o
LOAD ./Core/Src/gpio.o
LOAD ./Core/Src/i2c.o
LOAD ./Core/Src/main.o
LOAD ./Core/Src/stm32f4xx_hal_msp.o
LOAD ./Core/Src/stm32f4xx_it.o
LOAD ./Core/Src/syscalls.o
LOAD ./Core/Src/sysmem.o
LOAD ./Core/Src/system_stm32f4xx.o
LOAD ./Core/Src/usart.o
LOAD ./Core/Startup/startup_stm32f407vetx.o
LOAD ./Drivers/STM32F4xx_HAL_Driver/Src/stm32f4xx_hal.o
LOAD ./Drivers/STM32F4xx_HAL_Driver/Src/stm32f4xx_hal_cortex.o
LOAD ./Drivers/STM32F4xx_HAL_Driver/Src/stm32f4xx_hal_dma.o
LOAD ./Drivers/STM32F4xx_HAL_Driver/Src/stm32f4xx_hal_dma_ex.o
LOAD ./Drivers/STM32F4xx_HAL_Driver/Src/stm32f4xx_hal_exti.o
LOAD ./Drivers/STM32F4xx_HAL_Driver/Src/stm32f4xx_hal_flash.o
LOAD ./Drivers/STM32F4xx_HAL_Driver/Src/stm32f4xx_hal_flash_ex.o
LOAD ./Drivers/STM32F4xx_HAL_Driver/Src/stm32f4xx_hal_flash_ramfunc.o
LOAD ./Drivers/STM32F4xx_HAL_Driver/Src/stm32f4xx_hal_gpio.o
LOAD ./Drivers/STM32F4xx_HAL_Driver/Src/stm32f4xx_hal_i2c.o
LOAD ./Drivers/STM32F4xx_HAL_Driver/Src/stm32f4xx_hal_i2c_ex.o
LOAD ./Drivers/STM32F4xx_HAL_Driver/Src/stm32f4xx_hal_pwr.o
LOAD ./Drivers/STM32F4xx_HAL_Driver/Src/stm32f4xx_hal_pwr_ex.o
LOAD ./Drivers/STM32F4xx_HAL_Driver/Src/stm32f4xx_hal_rcc.o
LOAD ./Drivers/STM32F4xx_HAL_Driver/Src/stm32f4xx_hal_rcc_ex.o
LOAD ./Drivers/STM32F4xx_HAL_Driver/Src/stm32f4xx_hal_uart.o
START GROUP
LOAD C:/ST/STM32CubeIDE_1.14.0/STM32CubeIDE/plugins/com.st.stm32cube.ide.mcu.externaltools.gnu-tools-for-stm32.12.3.rel1.win32_1.1.0.202410251130/tools/bin/../lib/gcc/arm-none-eabi/12.3.1/../../../../arm-none-eabi/lib/thumb/v7e-m+fp/hard\libc_nano.a
LOAD C:/ST/STM32CubeIDE_1.14.0/STM32CubeIDE/plugins/com.st.stm32cube.ide.mcu.externaltools.gnu-tools-for-stm32.12.3.rel1.win32_1.1.0.202410251130/tools/bin/../lib/gcc/arm-none-eabi/12.3.1/../../../../arm-none-eabi/lib/thumb/v7e-m+fp/hard\libm.a
END GROUP
START GROUP
LOAD C:/ST/STM32CubeIDE_1.14.0/STM32CubeIDE/plugins/com.st.stm32cube.ide.mcu.externaltools.gnu-tools-for-stm32.12.3.rel1.win32_1.1.0.202410251130/tools/bin/../lib/gcc/arm-none-eabi/12.3.1/thumb/v7e-m+fp/hard\libgcc.a
LOAD C:/ST/STM32CubeIDE_1.14.0/STM32CubeIDE/plugins/com.st.stm32cube.ide.mcu.externaltools.gnu-tools-for-stm32.12.3.rel1.win32_1.1.0.202410251130/tools/bin/../lib/gcc/arm-none-eabi/12.3.1/../../../../arm-none-eabi/lib/thumb/v7e-m+fp/hard\libc_nano.a
END GROUP
START GROUP
LOAD C:/ST/STM32CubeIDE_1.14.0/STM32CubeIDE/plugins/com.st.stm32cube.ide.mcu.externaltools.gnu-tools-for-stm32.12.3.rel1.win32_1.1.0.202410251130/tools/bin/../lib/gcc/arm-none-eabi/12.3.1/thumb/v7e-m+fp/hard\libgcc.a
LOAD C:/ST/STM32CubeIDE_1.14.0/STM32CubeIDE/plugins/com.st.stm32cube.ide.mcu.externaltools.gnu-tools-for-stm32.12.3.rel1.win32_1.1.0.202410251130/tools/bin/../lib/gcc/arm-none-eabi/12.3.1/../../../../arm-none-eabi/lib/thumb/v7e-m+fp/hard\libc_nano.a
LOAD C:/ST/STM32CubeIDE_1.14.0/STM32CubeIDE/plugins/com.st.stm32cube.ide.mcu.externaltools.gnu-tools-for-stm32.12.3.rel1.win32_1.1.0.202410251130/tools/bin/../lib/gcc/arm-none-eabi/12.3.1/../../../../arm-none-eabi/lib/thumb/v7e-m+fp/hard\libnosys.a
END GROUP
START GROUP
LOAD C:/ST/STM32CubeIDE_1.14.0/STM32CubeIDE/plugins/com.st.stm32cube.ide.mcu.externaltools.gnu-tools-for-stm32.12.3.rel1.win32_1.1.0.202410251130/tools/bin/../lib/gcc/arm-none-eabi/12.3.1/thumb/v7e-m+fp/hard\libgcc.a
LOAD C:/ST/STM32CubeIDE_1.14.0/STM32CubeIDE/plugins/com.st.stm32cube.ide.mcu.externaltools.gnu-tools-for-stm32.12.3.rel1.win32_1.1.0.202410251130/tools/bin/../lib/gcc/arm-none-eabi/12.3.1/../../../../arm-none-eabi/lib/thumb/v7e-m+fp/hard\libc_nano.a
LOAD C:/ST/STM32CubeIDE_1.14.0/STM32CubeIDE/plugins/com.st.stm32cube.ide.mcu.externaltools.gnu-tools-for-stm32.12.3.rel1.win32_1.1.0.202410251130/tools/bin/../lib/gcc/arm-none-eabi/12.3.1/../../../../arm-none-eabi/lib/thumb/v7e-m+fp/hard\libnosys.a
END GROUP
LOAD C:/ST/STM32CubeIDE_1.14.0/STM32CubeIDE/plugins/com.st.stm32cube.ide.mcu.externaltools.gnu-tools-for-stm32.12.3.rel1.win32_1.1.0.202410251130/tools/bin/../lib/gcc/arm-none-eabi/12.3.1/thumb/v7e-m+fp/hard/crtend.o
LOAD C:/ST/STM32CubeIDE_1.14.0/STM32CubeIDE/plugins/com.st.stm32cube.ide.mcu.externaltools.gnu-tools-for-stm32.12.3.rel1.win32_1.1.0.202410251130/tools/bin/../lib/gcc/arm-none-eabi/12.3.1/thumb/v7e-m+fp/hard/crtn.o
                0x20020000                        _estack = (ORIGIN (RAM) + LENGTH (RAM))
                0x00000200                        _Min_Heap_Size = 0x200
                0x00000400                        _Min_Stack_Size = 0x400

.isr_vector     0x08000000      0x188
                0x08000000                        . = ALIGN (0x4)
 *(.isr_vector)
 .isr_vector    0x08000000      0x188 ./Core/Startup/startup_stm32f407vetx.o
                0x08000000                g_pfnVectors
                0x08000188                        . = ALIGN (0x4)

.text           0x08000188     0x3f04
                0x08000188                        . = ALIGN (0x4)
 *(.text)
 .text          0x08000188       0x40 C:/ST/STM32CubeIDE_1.14.0/STM32CubeIDE/plugins/com.st.stm32cube.ide.mcu.externaltools.gnu-tools-for-stm32.12.3.rel1.win32_1.1.0.202410251130/tools/bin/../lib/gcc/arm-none-eabi/12.3.1/thumb/v7e-m+fp/hard/crtbegin.o
 .text          0x080001c8       0x30 C:/ST/STM32CubeIDE_1.14.0/STM32CubeIDE/plugins/com.st.stm32cube.ide.mcu.externaltools.gnu-tools-for-stm32.12.3.rel1.win32_1.1.0.202410251130/tools/bin/../lib/gcc/arm-none-eabi/12.3.1/thumb/v7e-m+fp/hard\libgcc.a(_aeabi_uldivmod.o)
                0x080001c8                __aeabi_uldivmod
 .text          0x080001f8      0x2bc C:/ST/STM32CubeIDE_1.14.0/STM32CubeIDE/plugins/com.st.stm32cube.ide.mcu.externaltools.gnu-tools-for-stm32.12.3.rel1.win32_1.1.0.202410251130/tools/bin/../lib/gcc/arm-none-eabi/12.3.1/thumb/v7e-m+fp/hard\libgcc.a(_udivmoddi4.o)
                0x080001f8                __udivmoddi4
 .text          0x080004b4        0x4 C:/ST/STM32CubeIDE_1.14.0/STM32CubeIDE/plugins/com.st.stm32cube.ide.mcu.externaltools.gnu-tools-for-stm32.12.3.rel1.win32_1.1.0.202410251130/tools/bin/../lib/gcc/arm-none-eabi/12.3.1/thumb/v7e-m+fp/hard\libgcc.a(_dvmd_tls.o)
                0x080004b4                __aeabi_idiv0
                0x080004b4                __aeabi_ldiv0
 *(.text*)
 .text.updateAccelBuffers
                0x080004b8       0x94 ./Core/Src/cmps12_gyro.o
                0x080004b8                updateAccelBuffers
 .text.getCalibrationState
                0x0800054c       0x4c ./Core/Src/cmps12_gyro.o
                0x0800054c                getCalibrationState
 .text.mov_average
                0x08000598       0x4c ./Core/Src/cmps12_gyro.o
 .text.getAcceleroX_MA
                0x080005e4       0x20 ./Core/Src/cmps12_gyro.o
                0x080005e4                getAcceleroX_MA
 .text.getAcceleroY_MA
                0x08000604       0x20 ./Core/Src/cmps12_gyro.o
                0x08000604                getAcceleroY_MA
 .text.getAcceleroZ_MA
                0x08000624       0x20 ./Core/Src/cmps12_gyro.o
                0x08000624                getAcceleroZ_MA
 .text.getGyroX
                0x08000644       0x7c ./Core/Src/cmps12_gyro.o
                0x08000644                getGyroX
 .text.getGyroY
                0x080006c0       0x7c ./Core/Src/cmps12_gyro.o
                0x080006c0                getGyroY
 .text.getGyroZ
                0x0800073c       0x7c ./Core/Src/cmps12_gyro.o
                0x0800073c                getGyroZ
 .text.getAcceleroX
                0x080007b8       0x5c ./Core/Src/cmps12_gyro.o
                0x080007b8                getAcceleroX
 .text.getAcceleroY
                0x08000814       0x5c ./Core/Src/cmps12_gyro.o
                0x08000814                getAcceleroY
 .text.getAcceleroZ
                0x08000870       0x5c ./Core/Src/cmps12_gyro.o
                0x08000870                getAcceleroZ
 .text.getMagnetX
                0x080008cc       0x5c ./Core/Src/cmps12_gyro.o
                0x080008cc                getMagnetX
 .text.getMagnetY
                0x08000928       0x5c ./Core/Src/cmps12_gyro.o
                0x08000928                getMagnetY
 .text.getMagnetZ
                0x08000984       0x5c ./Core/Src/cmps12_gyro.o
                0x08000984                getMagnetZ
 .text.getBearing
                0x080009e0       0x70 ./Core/Src/cmps12_gyro.o
                0x080009e0                getBearing
 .text.getPitch
                0x08000a50       0x50 ./Core/Src/cmps12_gyro.o
                0x08000a50                getPitch
 .text.getRoll  0x08000aa0       0x50 ./Core/Src/cmps12_gyro.o
                0x08000aa0                getRoll
 .text.MX_GPIO_Init
                0x08000af0       0x6c ./Core/Src/gpio.o
                0x08000af0                MX_GPIO_Init
 .text.MX_I2C3_Init
                0x08000b5c       0x5c ./Core/Src/i2c.o
                0x08000b5c                MX_I2C3_Init
 .text.HAL_I2C_MspInit
                0x08000bb8       0xd4 ./Core/Src/i2c.o
                0x08000bb8                HAL_I2C_MspInit
 .text.main     0x08000c8c      0x14c ./Core/Src/main.o
                0x08000c8c                main
 .text.SystemClock_Config
                0x08000dd8       0xd4 ./Core/Src/main.o
                0x08000dd8                SystemClock_Config
 .text.Error_Handler
                0x08000eac        0xc ./Core/Src/main.o
                0x08000eac                Error_Handler
 .text.HAL_MspInit
                0x08000eb8       0x50 ./Core/Src/stm32f4xx_hal_msp.o
                0x08000eb8                HAL_MspInit
 .text.NMI_Handler
                0x08000f08        0x8 ./Core/Src/stm32f4xx_it.o
                0x08000f08                NMI_Handler
 .text.HardFault_Handler
                0x08000f10        0x8 ./Core/Src/stm32f4xx_it.o
                0x08000f10                HardFault_Handler
 .text.MemManage_Handler
                0x08000f18        0x8 ./Core/Src/stm32f4xx_it.o
                0x08000f18                MemManage_Handler
 .text.BusFault_Handler
                0x08000f20        0x8 ./Core/Src/stm32f4xx_it.o
                0x08000f20                BusFault_Handler
 .text.UsageFault_Handler
                0x08000f28        0x8 ./Core/Src/stm32f4xx_it.o
                0x08000f28                UsageFault_Handler
 .text.SVC_Handler
                0x08000f30        0xe ./Core/Src/stm32f4xx_it.o
                0x08000f30                SVC_Handler
 .text.DebugMon_Handler
                0x08000f3e        0xe ./Core/Src/stm32f4xx_it.o
                0x08000f3e                DebugMon_Handler
 .text.PendSV_Handler
                0x08000f4c        0xe ./Core/Src/stm32f4xx_it.o
                0x08000f4c                PendSV_Handler
 .text.SysTick_Handler
                0x08000f5a        0xc ./Core/Src/stm32f4xx_it.o
                0x08000f5a                SysTick_Handler
 *fill*         0x08000f66        0x2 
 .text.USART2_IRQHandler
                0x08000f68       0x14 ./Core/Src/stm32f4xx_it.o
                0x08000f68                USART2_IRQHandler
 .text.SystemInit
                0x08000f7c       0x24 ./Core/Src/system_stm32f4xx.o
                0x08000f7c                SystemInit
 .text.MX_USART2_UART_Init
                0x08000fa0       0x54 ./Core/Src/usart.o
                0x08000fa0                MX_USART2_UART_Init
 .text.HAL_UART_MspInit
                0x08000ff4       0xa0 ./Core/Src/usart.o
                0x08000ff4                HAL_UART_MspInit
 .text.Reset_Handler
                0x08001094       0x50 ./Core/Startup/startup_stm32f407vetx.o
                0x08001094                Reset_Handler
 .text.Default_Handler
                0x080010e4        0x2 ./Core/Startup/startup_stm32f407vetx.o
                0x080010e4                RTC_Alarm_IRQHandler
                0x080010e4                HASH_RNG_IRQHandler
                0x080010e4                EXTI2_IRQHandler
                0x080010e4                TIM8_CC_IRQHandler
                0x080010e4                TIM1_CC_IRQHandler
                0x080010e4                DMA2_Stream5_IRQHandler
                0x080010e4                DMA1_Stream5_IRQHandler
                0x080010e4                PVD_IRQHandler
                0x080010e4                SDIO_IRQHandler
                0x080010e4                TAMP_STAMP_IRQHandler
                0x080010e4                CAN2_RX1_IRQHandler
                0x080010e4                EXTI3_IRQHandler
                0x080010e4                TIM8_TRG_COM_TIM14_IRQHandler
                0x080010e4                TIM1_UP_TIM10_IRQHandler
                0x080010e4                TIM8_UP_TIM13_IRQHandler
                0x080010e4                I2C3_ER_IRQHandler
                0x080010e4                EXTI0_IRQHandler
                0x080010e4                I2C2_EV_IRQHandler
                0x080010e4                DMA1_Stream2_IRQHandler
                0x080010e4                CAN1_RX0_IRQHandler
                0x080010e4                FPU_IRQHandler
                0x080010e4                OTG_HS_WKUP_IRQHandler
                0x080010e4                CAN2_SCE_IRQHandler
                0x080010e4                DMA2_Stream2_IRQHandler
                0x080010e4                SPI1_IRQHandler
                0x080010e4                TIM6_DAC_IRQHandler
                0x080010e4                TIM1_BRK_TIM9_IRQHandler
                0x080010e4                DCMI_IRQHandler
                0x080010e4                CAN2_RX0_IRQHandler
                0x080010e4                DMA2_Stream3_IRQHandler
                0x080010e4                USART6_IRQHandler
                0x080010e4                USART3_IRQHandler
                0x080010e4                CAN1_RX1_IRQHandler
                0x080010e4                UART5_IRQHandler
                0x080010e4                DMA2_Stream0_IRQHandler
                0x080010e4                TIM4_IRQHandler
                0x080010e4                I2C1_EV_IRQHandler
                0x080010e4                DMA1_Stream6_IRQHandler
                0x080010e4                DMA1_Stream1_IRQHandler
                0x080010e4                UART4_IRQHandler
                0x080010e4                TIM3_IRQHandler
                0x080010e4                RCC_IRQHandler
                0x080010e4                TIM8_BRK_TIM12_IRQHandler
                0x080010e4                Default_Handler
                0x080010e4                EXTI15_10_IRQHandler
                0x080010e4                ADC_IRQHandler
                0x080010e4                DMA1_Stream7_IRQHandler
                0x080010e4                TIM7_IRQHandler
                0x080010e4                CAN2_TX_IRQHandler
                0x080010e4                TIM5_IRQHandler
                0x080010e4                DMA2_Stream7_IRQHandler
                0x080010e4                I2C3_EV_IRQHandler
                0x080010e4                EXTI9_5_IRQHandler
                0x080010e4                RTC_WKUP_IRQHandler
                0x080010e4                ETH_WKUP_IRQHandler
                0x080010e4                SPI2_IRQHandler
                0x080010e4                OTG_HS_EP1_IN_IRQHandler
                0x080010e4                DMA1_Stream0_IRQHandler
                0x080010e4                CAN1_TX_IRQHandler
                0x080010e4                EXTI4_IRQHandler
                0x080010e4                FSMC_IRQHandler
                0x080010e4                ETH_IRQHandler
                0x080010e4                OTG_HS_EP1_OUT_IRQHandler
                0x080010e4                WWDG_IRQHandler
                0x080010e4                TIM2_IRQHandler
                0x080010e4                OTG_FS_WKUP_IRQHandler
                0x080010e4                TIM1_TRG_COM_TIM11_IRQHandler
                0x080010e4                OTG_HS_IRQHandler
                0x080010e4                EXTI1_IRQHandler
                0x080010e4                I2C2_ER_IRQHandler
                0x080010e4                DMA2_Stream1_IRQHandler
                0x080010e4                CAN1_SCE_IRQHandler
                0x080010e4                FLASH_IRQHandler
                0x080010e4                DMA2_Stream4_IRQHandler
                0x080010e4                USART1_IRQHandler
                0x080010e4                OTG_FS_IRQHandler
                0x080010e4                SPI3_IRQHandler
                0x080010e4                DMA1_Stream4_IRQHandler
                0x080010e4                I2C1_ER_IRQHandler
                0x080010e4                DMA2_Stream6_IRQHandler
                0x080010e4                DMA1_Stream3_IRQHandler
 *fill*         0x080010e6        0x2 
 .text.HAL_Init
                0x080010e8       0x44 ./Drivers/STM32F4xx_HAL_Driver/Src/stm32f4xx_hal.o
                0x080010e8                HAL_Init
 .text.HAL_InitTick
                0x0800112c       0x60 ./Drivers/STM32F4xx_HAL_Driver/Src/stm32f4xx_hal.o
                0x0800112c                HAL_InitTick
 .text.HAL_IncTick
                0x0800118c       0x28 ./Drivers/STM32F4xx_HAL_Driver/Src/stm32f4xx_hal.o
                0x0800118c                HAL_IncTick
 .text.HAL_GetTick
                0x080011b4       0x18 ./Drivers/STM32F4xx_HAL_Driver/Src/stm32f4xx_hal.o
                0x080011b4                HAL_GetTick
 .text.HAL_Delay
                0x080011cc       0x48 ./Drivers/STM32F4xx_HAL_Driver/Src/stm32f4xx_hal.o
                0x080011cc                HAL_Delay
 .text.__NVIC_SetPriorityGrouping
                0x08001214       0x48 ./Drivers/STM32F4xx_HAL_Driver/Src/stm32f4xx_hal_cortex.o
 .text.__NVIC_GetPriorityGrouping
                0x0800125c       0x1c ./Drivers/STM32F4xx_HAL_Driver/Src/stm32f4xx_hal_cortex.o
 .text.__NVIC_EnableIRQ
                0x08001278       0x3c ./Drivers/STM32F4xx_HAL_Driver/Src/stm32f4xx_hal_cortex.o
 .text.__NVIC_SetPriority
                0x080012b4       0x54 ./Drivers/STM32F4xx_HAL_Driver/Src/stm32f4xx_hal_cortex.o
 .text.NVIC_EncodePriority
                0x08001308       0x66 ./Drivers/STM32F4xx_HAL_Driver/Src/stm32f4xx_hal_cortex.o
 *fill*         0x0800136e        0x2 
 .text.SysTick_Config
                0x08001370       0x44 ./Drivers/STM32F4xx_HAL_Driver/Src/stm32f4xx_hal_cortex.o
 .text.HAL_NVIC_SetPriorityGrouping
                0x080013b4       0x16 ./Drivers/STM32F4xx_HAL_Driver/Src/stm32f4xx_hal_cortex.o
                0x080013b4                HAL_NVIC_SetPriorityGrouping
 .text.HAL_NVIC_SetPriority
                0x080013ca       0x38 ./Drivers/STM32F4xx_HAL_Driver/Src/stm32f4xx_hal_cortex.o
                0x080013ca                HAL_NVIC_SetPriority
 .text.HAL_NVIC_EnableIRQ
                0x08001402       0x1c ./Drivers/STM32F4xx_HAL_Driver/Src/stm32f4xx_hal_cortex.o
                0x08001402                HAL_NVIC_EnableIRQ
 .text.HAL_SYSTICK_Config
                0x0800141e       0x18 ./Drivers/STM32F4xx_HAL_Driver/Src/stm32f4xx_hal_cortex.o
                0x0800141e                HAL_SYSTICK_Config
 .text.HAL_DMA_Abort
                0x08001436       0xe0 ./Drivers/STM32F4xx_HAL_Driver/Src/stm32f4xx_hal_dma.o
                0x08001436                HAL_DMA_Abort
 .text.HAL_DMA_Abort_IT
                0x08001516       0x44 ./Drivers/STM32F4xx_HAL_Driver/Src/stm32f4xx_hal_dma.o
                0x08001516                HAL_DMA_Abort_IT
 *fill*         0x0800155a        0x2 
 .text.HAL_GPIO_Init
                0x0800155c      0x338 ./Drivers/STM32F4xx_HAL_Driver/Src/stm32f4xx_hal_gpio.o
                0x0800155c                HAL_GPIO_Init
 .text.HAL_I2C_Init
                0x08001894      0x288 ./Drivers/STM32F4xx_HAL_Driver/Src/stm32f4xx_hal_i2c.o
                0x08001894                HAL_I2C_Init
 .text.HAL_I2C_Master_Transmit
                0x08001b1c      0x1fc ./Drivers/STM32F4xx_HAL_Driver/Src/stm32f4xx_hal_i2c.o
                0x08001b1c                HAL_I2C_Master_Transmit
 .text.HAL_I2C_Master_Receive
                0x08001d18      0x464 ./Drivers/STM32F4xx_HAL_Driver/Src/stm32f4xx_hal_i2c.o
                0x08001d18                HAL_I2C_Master_Receive
 .text.I2C_MasterRequestWrite
                0x0800217c      0x104 ./Drivers/STM32F4xx_HAL_Driver/Src/stm32f4xx_hal_i2c.o
 .text.I2C_MasterRequestRead
                0x08002280      0x19c ./Drivers/STM32F4xx_HAL_Driver/Src/stm32f4xx_hal_i2c.o
 .text.I2C_WaitOnFlagUntilTimeout
                0x0800241c       0xf4 ./Drivers/STM32F4xx_HAL_Driver/Src/stm32f4xx_hal_i2c.o
 .text.I2C_WaitOnMasterAddressFlagUntilTimeout
                0x08002510      0x140 ./Drivers/STM32F4xx_HAL_Driver/Src/stm32f4xx_hal_i2c.o
 .text.I2C_WaitOnTXEFlagUntilTimeout
                0x08002650       0x90 ./Drivers/STM32F4xx_HAL_Driver/Src/stm32f4xx_hal_i2c.o
 .text.I2C_WaitOnBTFFlagUntilTimeout
                0x080026e0       0x90 ./Drivers/STM32F4xx_HAL_Driver/Src/stm32f4xx_hal_i2c.o
 .text.I2C_WaitOnRXNEFlagUntilTimeout
                0x08002770       0xba ./Drivers/STM32F4xx_HAL_Driver/Src/stm32f4xx_hal_i2c.o
 .text.I2C_IsAcknowledgeFailed
                0x0800282a       0x5e ./Drivers/STM32F4xx_HAL_Driver/Src/stm32f4xx_hal_i2c.o
 .text.HAL_RCC_OscConfig
                0x08002888      0x4f0 ./Drivers/STM32F4xx_HAL_Driver/Src/stm32f4xx_hal_rcc.o
                0x08002888                HAL_RCC_OscConfig
 .text.HAL_RCC_ClockConfig
                0x08002d78      0x1cc ./Drivers/STM32F4xx_HAL_Driver/Src/stm32f4xx_hal_rcc.o
                0x08002d78                HAL_RCC_ClockConfig
 .text.HAL_RCC_GetSysClockFreq
                0x08002f44      0x20c ./Drivers/STM32F4xx_HAL_Driver/Src/stm32f4xx_hal_rcc.o
                0x08002f44                HAL_RCC_GetSysClockFreq
 .text.HAL_RCC_GetHCLKFreq
                0x08003150       0x18 ./Drivers/STM32F4xx_HAL_Driver/Src/stm32f4xx_hal_rcc.o
                0x08003150                HAL_RCC_GetHCLKFreq
 .text.HAL_RCC_GetPCLK1Freq
                0x08003168       0x28 ./Drivers/STM32F4xx_HAL_Driver/Src/stm32f4xx_hal_rcc.o
                0x08003168                HAL_RCC_GetPCLK1Freq
 .text.HAL_RCC_GetPCLK2Freq
                0x08003190       0x28 ./Drivers/STM32F4xx_HAL_Driver/Src/stm32f4xx_hal_rcc.o
                0x08003190                HAL_RCC_GetPCLK2Freq
 .text.HAL_UART_Init
                0x080031b8       0xa0 ./Drivers/STM32F4xx_HAL_Driver/Src/stm32f4xx_hal_uart.o
                0x080031b8                HAL_UART_Init
 .text.HAL_UART_IRQHandler
                0x08003258      0x554 ./Drivers/STM32F4xx_HAL_Driver/Src/stm32f4xx_hal_uart.o
                0x08003258                HAL_UART_IRQHandler
 .text.HAL_UART_TxCpltCallback
                0x080037ac       0x14 ./Drivers/STM32F4xx_HAL_Driver/Src/stm32f4xx_hal_uart.o
                0x080037ac                HAL_UART_TxCpltCallback
 .text.HAL_UART_RxCpltCallback
                0x080037c0       0x14 ./Drivers/STM32F4xx_HAL_Driver/Src/stm32f4xx_hal_uart.o
                0x080037c0                HAL_UART_RxCpltCallback
 .text.HAL_UART_ErrorCallback
                0x080037d4       0x14 ./Drivers/STM32F4xx_HAL_Driver/Src/stm32f4xx_hal_uart.o
                0x080037d4                HAL_UART_ErrorCallback
 .text.HAL_UARTEx_RxEventCallback
                0x080037e8       0x18 ./Drivers/STM32F4xx_HAL_Driver/Src/stm32f4xx_hal_uart.o
                0x080037e8                HAL_UARTEx_RxEventCallback
 .text.UART_EndRxTransfer
                0x08003800       0xc6 ./Drivers/STM32F4xx_HAL_Driver/Src/stm32f4xx_hal_uart.o
 .text.UART_DMAAbortOnError
                0x080038c6       0x22 ./Drivers/STM32F4xx_HAL_Driver/Src/stm32f4xx_hal_uart.o
 .text.UART_Transmit_IT
                0x080038e8       0xa0 ./Drivers/STM32F4xx_HAL_Driver/Src/stm32f4xx_hal_uart.o
 .text.UART_EndTransmit_IT
                0x08003988       0x30 ./Drivers/STM32F4xx_HAL_Driver/Src/stm32f4xx_hal_uart.o
 .text.UART_Receive_IT
                0x080039b8      0x17c ./Drivers/STM32F4xx_HAL_Driver/Src/stm32f4xx_hal_uart.o
 .text.UART_SetConfig
                0x08003b34      0x4e8 ./Drivers/STM32F4xx_HAL_Driver/Src/stm32f4xx_hal_uart.o
 .text.memset   0x0800401c       0x10 C:/ST/STM32CubeIDE_1.14.0/STM32CubeIDE/plugins/com.st.stm32cube.ide.mcu.externaltools.gnu-tools-for-stm32.12.3.rel1.win32_1.1.0.202410251130/tools/bin/../lib/gcc/arm-none-eabi/12.3.1/../../../../arm-none-eabi/lib/thumb/v7e-m+fp/hard\libc_nano.a(libc_a-memset.o)
                0x0800401c                memset
 .text.__libc_init_array
                0x0800402c       0x48 C:/ST/STM32CubeIDE_1.14.0/STM32CubeIDE/plugins/com.st.stm32cube.ide.mcu.externaltools.gnu-tools-for-stm32.12.3.rel1.win32_1.1.0.202410251130/tools/bin/../lib/gcc/arm-none-eabi/12.3.1/../../../../arm-none-eabi/lib/thumb/v7e-m+fp/hard\libc_nano.a(libc_a-init.o)
                0x0800402c                __libc_init_array
 *(.glue_7)
 .glue_7        0x08004074        0x0 linker stubs
 *(.glue_7t)
 .glue_7t       0x08004074        0x0 linker stubs
 *(.eh_frame)
 .eh_frame      0x08004074        0x0 C:/ST/STM32CubeIDE_1.14.0/STM32CubeIDE/plugins/com.st.stm32cube.ide.mcu.externaltools.gnu-tools-for-stm32.12.3.rel1.win32_1.1.0.202410251130/tools/bin/../lib/gcc/arm-none-eabi/12.3.1/thumb/v7e-m+fp/hard/crtbegin.o
 *(.init)
 .init          0x08004074        0x4 C:/ST/STM32CubeIDE_1.14.0/STM32CubeIDE/plugins/com.st.stm32cube.ide.mcu.externaltools.gnu-tools-for-stm32.12.3.rel1.win32_1.1.0.202410251130/tools/bin/../lib/gcc/arm-none-eabi/12.3.1/thumb/v7e-m+fp/hard/crti.o
                0x08004074                _init
 .init          0x08004078        0x8 C:/ST/STM32CubeIDE_1.14.0/STM32CubeIDE/plugins/com.st.stm32cube.ide.mcu.externaltools.gnu-tools-for-stm32.12.3.rel1.win32_1.1.0.202410251130/tools/bin/../lib/gcc/arm-none-eabi/12.3.1/thumb/v7e-m+fp/hard/crtn.o
 *(.fini)
 .fini          0x08004080        0x4 C:/ST/STM32CubeIDE_1.14.0/STM32CubeIDE/plugins/com.st.stm32cube.ide.mcu.externaltools.gnu-tools-for-stm32.12.3.rel1.win32_1.1.0.202410251130/tools/bin/../lib/gcc/arm-none-eabi/12.3.1/thumb/v7e-m+fp/hard/crti.o
                0x08004080                _fini
 .fini          0x08004084        0x8 C:/ST/STM32CubeIDE_1.14.0/STM32CubeIDE/plugins/com.st.stm32cube.ide.mcu.externaltools.gnu-tools-for-stm32.12.3.rel1.win32_1.1.0.202410251130/tools/bin/../lib/gcc/arm-none-eabi/12.3.1/thumb/v7e-m+fp/hard/crtn.o
                0x0800408c                        . = ALIGN (0x4)
                0x0800408c                        _etext = .

.vfp11_veneer   0x0800408c        0x0
 .vfp11_veneer  0x0800408c        0x0 linker stubs

.v4_bx          0x0800408c        0x0
 .v4_bx         0x0800408c        0x0 linker stubs

.iplt           0x0800408c        0x0
 .iplt          0x0800408c        0x0 C:/ST/STM32CubeIDE_1.14.0/STM32CubeIDE/plugins/com.st.stm32cube.ide.mcu.externaltools.gnu-tools-for-stm32.12.3.rel1.win32_1.1.0.202410251130/tools/bin/../lib/gcc/arm-none-eabi/12.3.1/thumb/v7e-m+fp/hard/crtbegin.o

.rodata         0x0800408c       0x18
                0x0800408c                        . = ALIGN (0x4)
 *(.rodata)
 *(.rodata*)
 .rodata.AHBPrescTable
                0x0800408c       0x10 ./Core/Src/system_stm32f4xx.o
                0x0800408c                AHBPrescTable
 .rodata.APBPrescTable
                0x0800409c        0x8 ./Core/Src/system_stm32f4xx.o
                0x0800409c                APBPrescTable
                0x080040a4                        . = ALIGN (0x4)

.ARM.extab      0x080040a4        0x0
                0x080040a4                        . = ALIGN (0x4)
 *(.ARM.extab* .gnu.linkonce.armextab.*)
                0x080040a4                        . = ALIGN (0x4)

.ARM            0x080040a4        0x8
                0x080040a4                        . = ALIGN (0x4)
                0x080040a4                        __exidx_start = .
 *(.ARM.exidx*)
 .ARM.exidx     0x080040a4        0x8 C:/ST/STM32CubeIDE_1.14.0/STM32CubeIDE/plugins/com.st.stm32cube.ide.mcu.externaltools.gnu-tools-for-stm32.12.3.rel1.win32_1.1.0.202410251130/tools/bin/../lib/gcc/arm-none-eabi/12.3.1/thumb/v7e-m+fp/hard\libgcc.a(_udivmoddi4.o)
                0x080040ac                        __exidx_end = .
                0x080040ac                        . = ALIGN (0x4)

.preinit_array  0x080040ac        0x0
                0x080040ac                        . = ALIGN (0x4)
                0x080040ac                        PROVIDE (__preinit_array_start = .)
 *(.preinit_array*)
                0x080040ac                        PROVIDE (__preinit_array_end = .)
                0x080040ac                        . = ALIGN (0x4)

.init_array     0x080040ac        0x4
                0x080040ac                        . = ALIGN (0x4)
                0x080040ac                        PROVIDE (__init_array_start = .)
 *(SORT_BY_NAME(.init_array.*))
 *(.init_array*)
 .init_array    0x080040ac        0x4 C:/ST/STM32CubeIDE_1.14.0/STM32CubeIDE/plugins/com.st.stm32cube.ide.mcu.externaltools.gnu-tools-for-stm32.12.3.rel1.win32_1.1.0.202410251130/tools/bin/../lib/gcc/arm-none-eabi/12.3.1/thumb/v7e-m+fp/hard/crtbegin.o
                0x080040b0                        PROVIDE (__init_array_end = .)
                0x080040b0                        . = ALIGN (0x4)

.fini_array     0x080040b0        0x4
                0x080040b0                        . = ALIGN (0x4)
                [!provide]                        PROVIDE (__fini_array_start = .)
 *(SORT_BY_NAME(.fini_array.*))
 *(.fini_array*)
 .fini_array    0x080040b0        0x4 C:/ST/STM32CubeIDE_1.14.0/STM32CubeIDE/plugins/com.st.stm32cube.ide.mcu.externaltools.gnu-tools-for-stm32.12.3.rel1.win32_1.1.0.202410251130/tools/bin/../lib/gcc/arm-none-eabi/12.3.1/thumb/v7e-m+fp/hard/crtbegin.o
                [!provide]                        PROVIDE (__fini_array_end = .)
                0x080040b4                        . = ALIGN (0x4)
                0x080040b4                        _sidata = LOADADDR (.data)

.rel.dyn        0x080040b4        0x0
 .rel.iplt      0x080040b4        0x0 C:/ST/STM32CubeIDE_1.14.0/STM32CubeIDE/plugins/com.st.stm32cube.ide.mcu.externaltools.gnu-tools-for-stm32.12.3.rel1.win32_1.1.0.202410251130/tools/bin/../lib/gcc/arm-none-eabi/12.3.1/thumb/v7e-m+fp/hard/crtbegin.o

.data           0x20000000       0x10 load address 0x080040b4
                0x20000000                        . = ALIGN (0x4)
                0x20000000                        _sdata = .
 *(.data)
 *(.data*)
 .data._gyroScale
                0x20000000        0x4 ./Core/Src/cmps12_gyro.o
                0x20000000                _gyroScale
 .data.SystemCoreClock
                0x20000004        0x4 ./Core/Src/system_stm32f4xx.o
                0x20000004                SystemCoreClock
 .data.uwTickPrio
                0x20000008        0x4 ./Drivers/STM32F4xx_HAL_Driver/Src/stm32f4xx_hal.o
                0x20000008                uwTickPrio
 .data.uwTickFreq
                0x2000000c        0x1 ./Drivers/STM32F4xx_HAL_Driver/Src/stm32f4xx_hal.o
                0x2000000c                uwTickFreq
 *(.RamFunc)
 *(.RamFunc*)
                0x20000010                        . = ALIGN (0x4)
 *fill*         0x2000000d        0x3 
                0x20000010                        _edata = .
                0x080040c4                        _siccmram = LOADADDR (.ccmram)

.igot.plt       0x20000010        0x0 load address 0x080040c4
 .igot.plt      0x20000010        0x0 C:/ST/STM32CubeIDE_1.14.0/STM32CubeIDE/plugins/com.st.stm32cube.ide.mcu.externaltools.gnu-tools-for-stm32.12.3.rel1.win32_1.1.0.202410251130/tools/bin/../lib/gcc/arm-none-eabi/12.3.1/thumb/v7e-m+fp/hard/crtbegin.o

.ccmram         0x10000000        0x0 load address 0x080040c4
                0x10000000                        . = ALIGN (0x4)
                0x10000000                        _sccmram = .
 *(.ccmram)
 *(.ccmram*)
                0x10000000                        . = ALIGN (0x4)
                0x10000000                        _eccmram = .
                0x10000000                        . = ALIGN (0x4)

.bss            0x20000010      0x120
                0x20000010                        _sbss = .
                0x20000010                        __bss_start__ = _sbss
 *(.bss)
 .bss           0x20000010       0x1c C:/ST/STM32CubeIDE_1.14.0/STM32CubeIDE/plugins/com.st.stm32cube.ide.mcu.externaltools.gnu-tools-for-stm32.12.3.rel1.win32_1.1.0.202410251130/tools/bin/../lib/gcc/arm-none-eabi/12.3.1/thumb/v7e-m+fp/hard/crtbegin.o
 *(.bss*)
 .bss.accelX_buffer
                0x2000002c       0x14 ./Core/Src/cmps12_gyro.o
 .bss.accelY_buffer
                0x20000040       0x14 ./Core/Src/cmps12_gyro.o
 .bss.accelZ_buffer
                0x20000054       0x14 ./Core/Src/cmps12_gyro.o
 .bss.accel_index
                0x20000068        0x1 ./Core/Src/cmps12_gyro.o
 .bss.accel_count
                0x20000069        0x1 ./Core/Src/cmps12_gyro.o
 *fill*         0x2000006a        0x2 
 .bss.hi2c3     0x2000006c       0x54 ./Core/Src/i2c.o
                0x2000006c                hi2c3
 .bss.gyroX_res
                0x200000c0        0x2 ./Core/Src/main.o
                0x200000c0                gyroX_res
 .bss.gyroZ_res
                0x200000c2        0x2 ./Core/Src/main.o
                0x200000c2                gyroZ_res
 .bss.gyroY_res
                0x200000c4        0x2 ./Core/Src/main.o
                0x200000c4                gyroY_res
 .bss.accelX_res
                0x200000c6        0x2 ./Core/Src/main.o
                0x200000c6                accelX_res
 .bss.accelY_res
                0x200000c8        0x2 ./Core/Src/main.o
                0x200000c8                accelY_res
 .bss.accelZ_res
                0x200000ca        0x2 ./Core/Src/main.o
                0x200000ca                accelZ_res
 .bss.accelX_res2
                0x200000cc        0x2 ./Core/Src/main.o
                0x200000cc                accelX_res2
 .bss.accelY_res2
                0x200000ce        0x2 ./Core/Src/main.o
                0x200000ce                accelY_res2
 .bss.accelZ_res2
                0x200000d0        0x2 ./Core/Src/main.o
                0x200000d0                accelZ_res2
 .bss.magnetX_res
                0x200000d2        0x2 ./Core/Src/main.o
                0x200000d2                magnetX_res
 .bss.magnetY_res
                0x200000d4        0x2 ./Core/Src/main.o
                0x200000d4                magnetY_res
 .bss.magnetZ_res
                0x200000d6        0x2 ./Core/Src/main.o
                0x200000d6                magnetZ_res
 .bss.bearing_res
                0x200000d8        0x2 ./Core/Src/main.o
                0x200000d8                bearing_res
 .bss.pitch_res
                0x200000da        0x2 ./Core/Src/main.o
                0x200000da                pitch_res
 .bss.roll_res  0x200000dc        0x2 ./Core/Src/main.o
                0x200000dc                roll_res
 .bss.callib_state
                0x200000de        0x1 ./Core/Src/main.o
                0x200000de                callib_state
 .bss.gyro_cal  0x200000df        0x1 ./Core/Src/main.o
                0x200000df                gyro_cal
 .bss.prev_time
                0x200000e0        0x4 ./Core/Src/main.o
                0x200000e0                prev_time
 .bss.huart2    0x200000e4       0x48 ./Core/Src/usart.o
                0x200000e4                huart2
 .bss.uwTick    0x2000012c        0x4 ./Drivers/STM32F4xx_HAL_Driver/Src/stm32f4xx_hal.o
                0x2000012c                uwTick
 *(COMMON)
                0x20000130                        . = ALIGN (0x4)
                0x20000130                        _ebss = .
                0x20000130                        __bss_end__ = _ebss

._user_heap_stack
                0x20000130      0x600
                0x20000130                        . = ALIGN (0x8)
                [!provide]                        PROVIDE (end = .)
                0x20000130                        PROVIDE (_end = .)
                0x20000330                        . = (. + _Min_Heap_Size)
 *fill*         0x20000130      0x200 
                0x20000730                        . = (. + _Min_Stack_Size)
 *fill*         0x20000330      0x400 
                0x20000730                        . = ALIGN (0x8)

/DISCARD/
 libc.a(*)
 libm.a(*)
 libgcc.a(*)

.ARM.attributes
                0x00000000       0x30
 *(.ARM.attributes)
 .ARM.attributes
                0x00000000       0x22 C:/ST/STM32CubeIDE_1.14.0/STM32CubeIDE/plugins/com.st.stm32cube.ide.mcu.externaltools.gnu-tools-for-stm32.12.3.rel1.win32_1.1.0.202410251130/tools/bin/../lib/gcc/arm-none-eabi/12.3.1/thumb/v7e-m+fp/hard/crti.o
 .ARM.attributes
                0x00000022       0x34 C:/ST/STM32CubeIDE_1.14.0/STM32CubeIDE/plugins/com.st.stm32cube.ide.mcu.externaltools.gnu-tools-for-stm32.12.3.rel1.win32_1.1.0.202410251130/tools/bin/../lib/gcc/arm-none-eabi/12.3.1/thumb/v7e-m+fp/hard/crtbegin.o
 .ARM.attributes
                0x00000056       0x34 ./Core/Src/cmps12_gyro.o
 .ARM.attributes
                0x0000008a       0x34 ./Core/Src/gpio.o
 .ARM.attributes
                0x000000be       0x34 ./Core/Src/i2c.o
 .ARM.attributes
                0x000000f2       0x34 ./Core/Src/main.o
 .ARM.attributes
                0x00000126       0x34 ./Core/Src/stm32f4xx_hal_msp.o
 .ARM.attributes
                0x0000015a       0x34 ./Core/Src/stm32f4xx_it.o
 .ARM.attributes
                0x0000018e       0x34 ./Core/Src/system_stm32f4xx.o
 .ARM.attributes
                0x000001c2       0x34 ./Core/Src/usart.o
 .ARM.attributes
                0x000001f6       0x21 ./Core/Startup/startup_stm32f407vetx.o
 .ARM.attributes
                0x00000217       0x34 ./Drivers/STM32F4xx_HAL_Driver/Src/stm32f4xx_hal.o
 .ARM.attributes
                0x0000024b       0x34 ./Drivers/STM32F4xx_HAL_Driver/Src/stm32f4xx_hal_cortex.o
 .ARM.attributes
                0x0000027f       0x34 ./Drivers/STM32F4xx_HAL_Driver/Src/stm32f4xx_hal_dma.o
 .ARM.attributes
                0x000002b3       0x34 ./Drivers/STM32F4xx_HAL_Driver/Src/stm32f4xx_hal_gpio.o
 .ARM.attributes
                0x000002e7       0x34 ./Drivers/STM32F4xx_HAL_Driver/Src/stm32f4xx_hal_i2c.o
 .ARM.attributes
                0x0000031b       0x34 ./Drivers/STM32F4xx_HAL_Driver/Src/stm32f4xx_hal_rcc.o
 .ARM.attributes
                0x0000034f       0x34 ./Drivers/STM32F4xx_HAL_Driver/Src/stm32f4xx_hal_uart.o
 .ARM.attributes
                0x00000383       0x34 C:/ST/STM32CubeIDE_1.14.0/STM32CubeIDE/plugins/com.st.stm32cube.ide.mcu.externaltools.gnu-tools-for-stm32.12.3.rel1.win32_1.1.0.202410251130/tools/bin/../lib/gcc/arm-none-eabi/12.3.1/../../../../arm-none-eabi/lib/thumb/v7e-m+fp/hard\libc_nano.a(libc_a-memset.o)
 .ARM.attributes
                0x000003b7       0x34 C:/ST/STM32CubeIDE_1.14.0/STM32CubeIDE/plugins/com.st.stm32cube.ide.mcu.externaltools.gnu-tools-for-stm32.12.3.rel1.win32_1.1.0.202410251130/tools/bin/../lib/gcc/arm-none-eabi/12.3.1/../../../../arm-none-eabi/lib/thumb/v7e-m+fp/hard\libc_nano.a(libc_a-init.o)
 .ARM.attributes
                0x000003eb       0x22 C:/ST/STM32CubeIDE_1.14.0/STM32CubeIDE/plugins/com.st.stm32cube.ide.mcu.externaltools.gnu-tools-for-stm32.12.3.rel1.win32_1.1.0.202410251130/tools/bin/../lib/gcc/arm-none-eabi/12.3.1/thumb/v7e-m+fp/hard\libgcc.a(_aeabi_uldivmod.o)
 .ARM.attributes
                0x0000040d       0x34 C:/ST/STM32CubeIDE_1.14.0/STM32CubeIDE/plugins/com.st.stm32cube.ide.mcu.externaltools.gnu-tools-for-stm32.12.3.rel1.win32_1.1.0.202410251130/tools/bin/../lib/gcc/arm-none-eabi/12.3.1/thumb/v7e-m+fp/hard\libgcc.a(_udivmoddi4.o)
 .ARM.attributes
                0x00000441       0x22 C:/ST/STM32CubeIDE_1.14.0/STM32CubeIDE/plugins/com.st.stm32cube.ide.mcu.externaltools.gnu-tools-for-stm32.12.3.rel1.win32_1.1.0.202410251130/tools/bin/../lib/gcc/arm-none-eabi/12.3.1/thumb/v7e-m+fp/hard\libgcc.a(_dvmd_tls.o)
 .ARM.attributes
                0x00000463       0x22 C:/ST/STM32CubeIDE_1.14.0/STM32CubeIDE/plugins/com.st.stm32cube.ide.mcu.externaltools.gnu-tools-for-stm32.12.3.rel1.win32_1.1.0.202410251130/tools/bin/../lib/gcc/arm-none-eabi/12.3.1/thumb/v7e-m+fp/hard/crtn.o
OUTPUT(filter_gyro.elf elf32-littlearm)
LOAD linker stubs
LOAD C:/ST/STM32CubeIDE_1.14.0/STM32CubeIDE/plugins/com.st.stm32cube.ide.mcu.externaltools.gnu-tools-for-stm32.12.3.rel1.win32_1.1.0.202410251130/tools/bin/../lib/gcc/arm-none-eabi/12.3.1/../../../../arm-none-eabi/lib/thumb/v7e-m+fp/hard\libc.a
LOAD C:/ST/STM32CubeIDE_1.14.0/STM32CubeIDE/plugins/com.st.stm32cube.ide.mcu.externaltools.gnu-tools-for-stm32.12.3.rel1.win32_1.1.0.202410251130/tools/bin/../lib/gcc/arm-none-eabi/12.3.1/../../../../arm-none-eabi/lib/thumb/v7e-m+fp/hard\libm.a
LOAD C:/ST/STM32CubeIDE_1.14.0/STM32CubeIDE/plugins/com.st.stm32cube.ide.mcu.externaltools.gnu-tools-for-stm32.12.3.rel1.win32_1.1.0.202410251130/tools/bin/../lib/gcc/arm-none-eabi/12.3.1/thumb/v7e-m+fp/hard\libgcc.a

.debug_info     0x00000000     0xbb52
 .debug_info    0x00000000      0xc08 ./Core/Src/cmps12_gyro.o
 .debug_info    0x00000c08      0x284 ./Core/Src/gpio.o
 .debug_info    0x00000e8c      0x984 ./Core/Src/i2c.o
 .debug_info    0x00001810      0x730 ./Core/Src/main.o
 .debug_info    0x00001f40      0x269 ./Core/Src/stm32f4xx_hal_msp.o
 .debug_info    0x000021a9      0x639 ./Core/Src/stm32f4xx_it.o
 .debug_info    0x000027e2      0x512 ./Core/Src/system_stm32f4xx.o
 .debug_info    0x00002cf4      0xb8d ./Core/Src/usart.o
 .debug_info    0x00003881       0x30 ./Core/Startup/startup_stm32f407vetx.o
 .debug_info    0x000038b1      0x944 ./Drivers/STM32F4xx_HAL_Driver/Src/stm32f4xx_hal.o
 .debug_info    0x000041f5      0xd8c ./Drivers/STM32F4xx_HAL_Driver/Src/stm32f4xx_hal_cortex.o
 .debug_info    0x00004f81      0x8e7 ./Drivers/STM32F4xx_HAL_Driver/Src/stm32f4xx_hal_dma.o
 .debug_info    0x00005868      0x6c3 ./Drivers/STM32F4xx_HAL_Driver/Src/stm32f4xx_hal_gpio.o
 .debug_info    0x00005f2b     0x2415 ./Drivers/STM32F4xx_HAL_Driver/Src/stm32f4xx_hal_i2c.o
 .debug_info    0x00008340      0x8c3 ./Drivers/STM32F4xx_HAL_Driver/Src/stm32f4xx_hal_rcc.o
 .debug_info    0x00008c03     0x2f4f ./Drivers/STM32F4xx_HAL_Driver/Src/stm32f4xx_hal_uart.o

.debug_abbrev   0x00000000     0x1f35
 .debug_abbrev  0x00000000      0x2ca ./Core/Src/cmps12_gyro.o
 .debug_abbrev  0x000002ca       0xd8 ./Core/Src/gpio.o
 .debug_abbrev  0x000003a2      0x1f1 ./Core/Src/i2c.o
 .debug_abbrev  0x00000593      0x224 ./Core/Src/main.o
 .debug_abbrev  0x000007b7       0xd8 ./Core/Src/stm32f4xx_hal_msp.o
 .debug_abbrev  0x0000088f      0x175 ./Core/Src/stm32f4xx_it.o
 .debug_abbrev  0x00000a04      0x11a ./Core/Src/system_stm32f4xx.o
 .debug_abbrev  0x00000b1e      0x218 ./Core/Src/usart.o
 .debug_abbrev  0x00000d36       0x24 ./Core/Startup/startup_stm32f407vetx.o
 .debug_abbrev  0x00000d5a      0x214 ./Drivers/STM32F4xx_HAL_Driver/Src/stm32f4xx_hal.o
 .debug_abbrev  0x00000f6e      0x31d ./Drivers/STM32F4xx_HAL_Driver/Src/stm32f4xx_hal_cortex.o
 .debug_abbrev  0x0000128b      0x264 ./Drivers/STM32F4xx_HAL_Driver/Src/stm32f4xx_hal_dma.o
 .debug_abbrev  0x000014ef      0x1d4 ./Drivers/STM32F4xx_HAL_Driver/Src/stm32f4xx_hal_gpio.o
 .debug_abbrev  0x000016c3      0x2ad ./Drivers/STM32F4xx_HAL_Driver/Src/stm32f4xx_hal_i2c.o
 .debug_abbrev  0x00001970      0x2b7 ./Drivers/STM32F4xx_HAL_Driver/Src/stm32f4xx_hal_rcc.o
 .debug_abbrev  0x00001c27      0x30e ./Drivers/STM32F4xx_HAL_Driver/Src/stm32f4xx_hal_uart.o

.debug_aranges  0x00000000      0xa88
 .debug_aranges
                0x00000000       0xc0 ./Core/Src/cmps12_gyro.o
 .debug_aranges
                0x000000c0       0x20 ./Core/Src/gpio.o
 .debug_aranges
                0x000000e0       0x30 ./Core/Src/i2c.o
 .debug_aranges
                0x00000110       0x30 ./Core/Src/main.o
 .debug_aranges
                0x00000140       0x20 ./Core/Src/stm32f4xx_hal_msp.o
 .debug_aranges
                0x00000160       0x68 ./Core/Src/stm32f4xx_it.o
 .debug_aranges
                0x000001c8       0x28 ./Core/Src/system_stm32f4xx.o
 .debug_aranges
                0x000001f0       0x30 ./Core/Src/usart.o
 .debug_aranges
                0x00000220       0x28 ./Core/Startup/startup_stm32f407vetx.o
 .debug_aranges
                0x00000248       0xf0 ./Drivers/STM32F4xx_HAL_Driver/Src/stm32f4xx_hal.o
 .debug_aranges
                0x00000338      0x130 ./Drivers/STM32F4xx_HAL_Driver/Src/stm32f4xx_hal_cortex.o
 .debug_aranges
                0x00000468       0x90 ./Drivers/STM32F4xx_HAL_Driver/Src/stm32f4xx_hal_dma.o
 .debug_aranges
                0x000004f8       0x58 ./Drivers/STM32F4xx_HAL_Driver/Src/stm32f4xx_hal_gpio.o
 .debug_aranges
                0x00000550      0x2a8 ./Drivers/STM32F4xx_HAL_Driver/Src/stm32f4xx_hal_i2c.o
 .debug_aranges
                0x000007f8       0x88 ./Drivers/STM32F4xx_HAL_Driver/Src/stm32f4xx_hal_rcc.o
 .debug_aranges
                0x00000880      0x208 ./Drivers/STM32F4xx_HAL_Driver/Src/stm32f4xx_hal_uart.o

.debug_rnglists
                0x00000000      0x82c
 .debug_rnglists
                0x00000000       0x8d ./Core/Src/cmps12_gyro.o
 .debug_rnglists
                0x0000008d       0x13 ./Core/Src/gpio.o
 .debug_rnglists
                0x000000a0       0x20 ./Core/Src/i2c.o
 .debug_rnglists
                0x000000c0       0x21 ./Core/Src/main.o
 .debug_rnglists
                0x000000e1       0x13 ./Core/Src/stm32f4xx_hal_msp.o
 .debug_rnglists
                0x000000f4       0x49 ./Core/Src/stm32f4xx_it.o
 .debug_rnglists
                0x0000013d       0x1a ./Core/Src/system_stm32f4xx.o
 .debug_rnglists
                0x00000157       0x20 ./Core/Src/usart.o
 .debug_rnglists
                0x00000177       0x19 ./Core/Startup/startup_stm32f407vetx.o
 .debug_rnglists
                0x00000190       0xaf ./Drivers/STM32F4xx_HAL_Driver/Src/stm32f4xx_hal.o
 .debug_rnglists
                0x0000023f       0xe0 ./Drivers/STM32F4xx_HAL_Driver/Src/stm32f4xx_hal_cortex.o
 .debug_rnglists
                0x0000031f       0x70 ./Drivers/STM32F4xx_HAL_Driver/Src/stm32f4xx_hal_dma.o
 .debug_rnglists
                0x0000038f       0x3f ./Drivers/STM32F4xx_HAL_Driver/Src/stm32f4xx_hal_gpio.o
 .debug_rnglists
                0x000003ce      0x23c ./Drivers/STM32F4xx_HAL_Driver/Src/stm32f4xx_hal_i2c.o
 .debug_rnglists
                0x0000060a       0x66 ./Drivers/STM32F4xx_HAL_Driver/Src/stm32f4xx_hal_rcc.o
 .debug_rnglists
                0x00000670      0x1bc ./Drivers/STM32F4xx_HAL_Driver/Src/stm32f4xx_hal_uart.o

.debug_macro    0x00000000    0x2026c
 .debug_macro   0x00000000      0x20b ./Core/Src/cmps12_gyro.o
 .debug_macro   0x0000020b      0xab4 ./Core/Src/cmps12_gyro.o
 .debug_macro   0x00000cbf      0x29b ./Core/Src/cmps12_gyro.o
 .debug_macro   0x00000f5a       0x2e ./Core/Src/cmps12_gyro.o
 .debug_macro   0x00000f88       0x2f ./Core/Src/cmps12_gyro.o
 .debug_macro   0x00000fb7       0x22 ./Core/Src/cmps12_gyro.o
 .debug_macro   0x00000fd9       0x8e ./Core/Src/cmps12_gyro.o
 .debug_macro   0x00001067       0x51 ./Core/Src/cmps12_gyro.o
 .debug_macro   0x000010b8      0x103 ./Core/Src/cmps12_gyro.o
 .debug_macro   0x000011bb       0x6a ./Core/Src/cmps12_gyro.o
 .debug_macro   0x00001225      0x1df ./Core/Src/cmps12_gyro.o
 .debug_macro   0x00001404       0x1c ./Core/Src/cmps12_gyro.o
 .debug_macro   0x00001420       0x22 ./Core/Src/cmps12_gyro.o
 .debug_macro   0x00001442       0xfb ./Core/Src/cmps12_gyro.o
 .debug_macro   0x0000153d     0x1011 ./Core/Src/cmps12_gyro.o
 .debug_macro   0x0000254e      0x11f ./Core/Src/cmps12_gyro.o
 .debug_macro   0x0000266d    0x15ea5 ./Core/Src/cmps12_gyro.o
 .debug_macro   0x00018512       0x6d ./Core/Src/cmps12_gyro.o
 .debug_macro   0x0001857f     0x3693 ./Core/Src/cmps12_gyro.o
 .debug_macro   0x0001bc12      0x189 ./Core/Src/cmps12_gyro.o
 .debug_macro   0x0001bd9b       0x5c ./Core/Src/cmps12_gyro.o
 .debug_macro   0x0001bdf7      0x980 ./Core/Src/cmps12_gyro.o
 .debug_macro   0x0001c777      0x9e9 ./Core/Src/cmps12_gyro.o
 .debug_macro   0x0001d160      0x115 ./Core/Src/cmps12_gyro.o
 .debug_macro   0x0001d275      0x13e ./Core/Src/cmps12_gyro.o
 .debug_macro   0x0001d3b3       0xa5 ./Core/Src/cmps12_gyro.o
 .debug_macro   0x0001d458      0x174 ./Core/Src/cmps12_gyro.o
 .debug_macro   0x0001d5cc      0x287 ./Core/Src/cmps12_gyro.o
 .debug_macro   0x0001d853       0x5f ./Core/Src/cmps12_gyro.o
 .debug_macro   0x0001d8b2      0x236 ./Core/Src/cmps12_gyro.o
 .debug_macro   0x0001dae8      0x12c ./Core/Src/cmps12_gyro.o
 .debug_macro   0x0001dc14      0x21e ./Core/Src/cmps12_gyro.o
 .debug_macro   0x0001de32       0x2e ./Core/Src/cmps12_gyro.o
 .debug_macro   0x0001de60      0x1b5 ./Core/Src/cmps12_gyro.o
 .debug_macro   0x0001e015       0xd6 ./Core/Src/cmps12_gyro.o
 .debug_macro   0x0001e0eb      0x127 ./Core/Src/cmps12_gyro.o
 .debug_macro   0x0001e212       0x7e ./Core/Src/cmps12_gyro.o
 .debug_macro   0x0001e290       0x89 ./Core/Src/cmps12_gyro.o
 .debug_macro   0x0001e319      0x2aa ./Core/Src/cmps12_gyro.o
 .debug_macro   0x0001e5c3      0x12d ./Core/Src/cmps12_gyro.o
 .debug_macro   0x0001e6f0       0x76 ./Core/Src/cmps12_gyro.o
 .debug_macro   0x0001e766      0x1e8 ./Core/Src/gpio.o
 .debug_macro   0x0001e94e      0x1e8 ./Core/Src/i2c.o
 .debug_macro   0x0001eb36      0x209 ./Core/Src/main.o
 .debug_macro   0x0001ed3f      0x1de ./Core/Src/stm32f4xx_hal_msp.o
 .debug_macro   0x0001ef1d      0x1e8 ./Core/Src/stm32f4xx_it.o
 .debug_macro   0x0001f105      0x1d4 ./Core/Src/system_stm32f4xx.o
 .debug_macro   0x0001f2d9      0x1e8 ./Core/Src/usart.o
 .debug_macro   0x0001f4c1      0x234 ./Drivers/STM32F4xx_HAL_Driver/Src/stm32f4xx_hal.o
 .debug_macro   0x0001f6f5      0x1d4 ./Drivers/STM32F4xx_HAL_Driver/Src/stm32f4xx_hal_cortex.o
 .debug_macro   0x0001f8c9      0x1da ./Drivers/STM32F4xx_HAL_Driver/Src/stm32f4xx_hal_dma.o
 .debug_macro   0x0001faa3      0x1da ./Drivers/STM32F4xx_HAL_Driver/Src/stm32f4xx_hal_gpio.o
 .debug_macro   0x0001fc7d      0x222 ./Drivers/STM32F4xx_HAL_Driver/Src/stm32f4xx_hal_i2c.o
 .debug_macro   0x0001fe9f      0x1f8 ./Drivers/STM32F4xx_HAL_Driver/Src/stm32f4xx_hal_rcc.o
 .debug_macro   0x00020097      0x1d5 ./Drivers/STM32F4xx_HAL_Driver/Src/stm32f4xx_hal_uart.o

.debug_line     0x00000000     0xe84e
 .debug_line    0x00000000      0xbe3 ./Core/Src/cmps12_gyro.o
 .debug_line    0x00000be3      0x744 ./Core/Src/gpio.o
 .debug_line    0x00001327      0x7c1 ./Core/Src/i2c.o
 .debug_line    0x00001ae8      0x8ed ./Core/Src/main.o
 .debug_line    0x000023d5      0x746 ./Core/Src/stm32f4xx_hal_msp.o
 .debug_line    0x00002b1b      0x821 ./Core/Src/stm32f4xx_it.o
 .debug_line    0x0000333c      0x7bc ./Core/Src/system_stm32f4xx.o
 .debug_line    0x00003af8      0x7b3 ./Core/Src/usart.o
 .debug_line    0x000042ab       0x7a ./Core/Startup/startup_stm32f407vetx.o
 .debug_line    0x00004325      0xa34 ./Drivers/STM32F4xx_HAL_Driver/Src/stm32f4xx_hal.o
 .debug_line    0x00004d59      0xd26 ./Drivers/STM32F4xx_HAL_Driver/Src/stm32f4xx_hal_cortex.o
 .debug_line    0x00005a7f      0xfa4 ./Drivers/STM32F4xx_HAL_Driver/Src/stm32f4xx_hal_dma.o
 .debug_line    0x00006a23      0xbc0 ./Drivers/STM32F4xx_HAL_Driver/Src/stm32f4xx_hal_gpio.o
 .debug_line    0x000075e3     0x3b75 ./Drivers/STM32F4xx_HAL_Driver/Src/stm32f4xx_hal_i2c.o
 .debug_line    0x0000b158      0xdbf ./Drivers/STM32F4xx_HAL_Driver/Src/stm32f4xx_hal_rcc.o
 .debug_line    0x0000bf17     0x2937 ./Drivers/STM32F4xx_HAL_Driver/Src/stm32f4xx_hal_uart.o

.debug_str      0x00000000    0xc1af6
 .debug_str     0x00000000    0xbec26 ./Core/Src/cmps12_gyro.o
                              0xbef10 (size before relaxing)
 .debug_str     0x000bec26      0x11e ./Core/Src/gpio.o
                              0xbe6d1 (size before relaxing)
 .debug_str     0x000bed44       0xe6 ./Core/Src/i2c.o
                              0xbeccb (size before relaxing)
 .debug_str     0x000bee2a      0x270 ./Core/Src/main.o
                              0xbec14 (size before relaxing)
 .debug_str     0x000bf09a       0x2c ./Core/Src/stm32f4xx_hal_msp.o
                              0xbe6d1 (size before relaxing)
 .debug_str     0x000bf0c6      0x2c6 ./Core/Src/stm32f4xx_it.o
                              0xbeb07 (size before relaxing)
 .debug_str     0x000bf38c       0xdb ./Core/Src/system_stm32f4xx.o
                              0xbe781 (size before relaxing)
 .debug_str     0x000bf467      0x568 ./Core/Src/usart.o
                              0xbf18d (size before relaxing)
 .debug_str     0x000bf9cf       0x44 ./Core/Startup/startup_stm32f407vetx.o
                                 0x5f (size before relaxing)
 .debug_str     0x000bfa13      0x601 ./Drivers/STM32F4xx_HAL_Driver/Src/stm32f4xx_hal.o
                              0xbf305 (size before relaxing)
 .debug_str     0x000c0014      0x361 ./Drivers/STM32F4xx_HAL_Driver/Src/stm32f4xx_hal_cortex.o
                              0xbf081 (size before relaxing)
 .debug_str     0x000c0375      0x322 ./Drivers/STM32F4xx_HAL_Driver/Src/stm32f4xx_hal_dma.o
                              0xbeb9b (size before relaxing)
 .debug_str     0x000c0697      0x15d ./Drivers/STM32F4xx_HAL_Driver/Src/stm32f4xx_hal_gpio.o
                              0xbe8fc (size before relaxing)
 .debug_str     0x000c07f4      0xaef ./Drivers/STM32F4xx_HAL_Driver/Src/stm32f4xx_hal_i2c.o
                              0xbf79f (size before relaxing)
 .debug_str     0x000c12e3      0x213 ./Drivers/STM32F4xx_HAL_Driver/Src/stm32f4xx_hal_rcc.o
                              0xbebb5 (size before relaxing)
 .debug_str     0x000c14f6      0x600 ./Drivers/STM32F4xx_HAL_Driver/Src/stm32f4xx_hal_uart.o
                              0xbf196 (size before relaxing)

.comment        0x00000000       0x43
 .comment       0x00000000       0x43 ./Core/Src/cmps12_gyro.o
                                 0x44 (size before relaxing)
 .comment       0x00000043       0x44 ./Core/Src/gpio.o
 .comment       0x00000043       0x44 ./Core/Src/i2c.o
 .comment       0x00000043       0x44 ./Core/Src/main.o
 .comment       0x00000043       0x44 ./Core/Src/stm32f4xx_hal_msp.o
 .comment       0x00000043       0x44 ./Core/Src/stm32f4xx_it.o
 .comment       0x00000043       0x44 ./Core/Src/system_stm32f4xx.o
 .comment       0x00000043       0x44 ./Core/Src/usart.o
 .comment       0x00000043       0x44 ./Drivers/STM32F4xx_HAL_Driver/Src/stm32f4xx_hal.o
 .comment       0x00000043       0x44 ./Drivers/STM32F4xx_HAL_Driver/Src/stm32f4xx_hal_cortex.o
 .comment       0x00000043       0x44 ./Drivers/STM32F4xx_HAL_Driver/Src/stm32f4xx_hal_dma.o
 .comment       0x00000043       0x44 ./Drivers/STM32F4xx_HAL_Driver/Src/stm32f4xx_hal_gpio.o
 .comment       0x00000043       0x44 ./Drivers/STM32F4xx_HAL_Driver/Src/stm32f4xx_hal_i2c.o
 .comment       0x00000043       0x44 ./Drivers/STM32F4xx_HAL_Driver/Src/stm32f4xx_hal_rcc.o
 .comment       0x00000043       0x44 ./Drivers/STM32F4xx_HAL_Driver/Src/stm32f4xx_hal_uart.o

.debug_frame    0x00000000     0x2abc
 .debug_frame   0x00000000      0x2f4 ./Core/Src/cmps12_gyro.o
 .debug_frame   0x000002f4       0x38 ./Core/Src/gpio.o
 .debug_frame   0x0000032c       0x74 ./Core/Src/i2c.o
 .debug_frame   0x000003a0       0x68 ./Core/Src/main.o
 .debug_frame   0x00000408       0x38 ./Core/Src/stm32f4xx_hal_msp.o
 .debug_frame   0x00000440      0x120 ./Core/Src/stm32f4xx_it.o
 .debug_frame   0x00000560       0x58 ./Core/Src/system_stm32f4xx.o
 .debug_frame   0x000005b8       0x74 ./Core/Src/usart.o
 .debug_frame   0x0000062c      0x374 ./Drivers/STM32F4xx_HAL_Driver/Src/stm32f4xx_hal.o
 .debug_frame   0x000009a0      0x508 ./Drivers/STM32F4xx_HAL_Driver/Src/stm32f4xx_hal_cortex.o
 .debug_frame   0x00000ea8      0x250 ./Drivers/STM32F4xx_HAL_Driver/Src/stm32f4xx_hal_dma.o
 .debug_frame   0x000010f8      0x14c ./Drivers/STM32F4xx_HAL_Driver/Src/stm32f4xx_hal_gpio.o
 .debug_frame   0x00001244      0xc84 ./Drivers/STM32F4xx_HAL_Driver/Src/stm32f4xx_hal_i2c.o
 .debug_frame   0x00001ec8      0x1f4 ./Drivers/STM32F4xx_HAL_Driver/Src/stm32f4xx_hal_rcc.o
 .debug_frame   0x000020bc      0x954 ./Drivers/STM32F4xx_HAL_Driver/Src/stm32f4xx_hal_uart.o
 .debug_frame   0x00002a10       0x20 C:/ST/STM32CubeIDE_1.14.0/STM32CubeIDE/plugins/com.st.stm32cube.ide.mcu.externaltools.gnu-tools-for-stm32.12.3.rel1.win32_1.1.0.202410251130/tools/bin/../lib/gcc/arm-none-eabi/12.3.1/../../../../arm-none-eabi/lib/thumb/v7e-m+fp/hard\libc_nano.a(libc_a-memset.o)
 .debug_frame   0x00002a30       0x2c C:/ST/STM32CubeIDE_1.14.0/STM32CubeIDE/plugins/com.st.stm32cube.ide.mcu.externaltools.gnu-tools-for-stm32.12.3.rel1.win32_1.1.0.202410251130/tools/bin/../lib/gcc/arm-none-eabi/12.3.1/../../../../arm-none-eabi/lib/thumb/v7e-m+fp/hard\libc_nano.a(libc_a-init.o)
 .debug_frame   0x00002a5c       0x2c C:/ST/STM32CubeIDE_1.14.0/STM32CubeIDE/plugins/com.st.stm32cube.ide.mcu.externaltools.gnu-tools-for-stm32.12.3.rel1.win32_1.1.0.202410251130/tools/bin/../lib/gcc/arm-none-eabi/12.3.1/thumb/v7e-m+fp/hard\libgcc.a(_aeabi_uldivmod.o)
 .debug_frame   0x00002a88       0x34 C:/ST/STM32CubeIDE_1.14.0/STM32CubeIDE/plugins/com.st.stm32cube.ide.mcu.externaltools.gnu-tools-for-stm32.12.3.rel1.win32_1.1.0.202410251130/tools/bin/../lib/gcc/arm-none-eabi/12.3.1/thumb/v7e-m+fp/hard\libgcc.a(_udivmoddi4.o)

.debug_line_str
                0x00000000       0x43
 .debug_line_str
                0x00000000       0x43 ./Core/Startup/startup_stm32f407vetx.o
